// Jest Snapshot v1, https://goo.gl/fbAQLP

exports[`BookList rendering BookList component 1`] = `<styled.div />`;
